// Jest Snapshot v1, https://goo.gl/fbAQLP

exports[`Testing todoList Take snapshot 1`] = `
<ul
  className="list-group list-group-flush"
>
  <TodoListItem
    handleDelete={[MockFunction]}
    handleToggle={[MockFunction]}
    id={0}
    item={
      Object {
        "desc": "Learn React",
        "done": false,
        "id": 1,
      }
    }
    key="1"
  />
  <TodoListItem
    handleDelete={[MockFunction]}
    handleToggle={[MockFunction]}
    id={1}
    item={
      Object {
        "desc": "Mongo",
        "done": false,
        "id": 2,
      }
    }
    key="2"
  />
</ul>
`;
