// Jest Snapshot v1, https://goo.gl/fbAQLP

exports[`Testing Hooks Testing HookApp 1`] = `
<div>
  <h1>
    HookApp
  </h1>
</div>
`;
