// Jest Snapshot v1, https://goo.gl/fbAQLP

exports[`Testing <RealExampleRef/> MatchSnapshot 1`] = `
<div>
  <h1>
    HomeApp
  </h1>
  <hr />
  <pre>
    {"name":"Edwin","email":"edwin@example.com"}
  </pre>
</div>
`;
