// Jest Snapshot v1, https://goo.gl/fbAQLP

exports[`Testing <RealExampleRef/> MatchSnapshot 1`] = `
<div>
  <h1>
    LoginApp
  </h1>
  <hr />
  <button
    className="btn btn-primary"
    onClick={[Function]}
  >
    Mi nombre
  </button>
</div>
`;
